
> property-investment-app@ typecheck C:\Users\Thapelo\Downloads\Property Investment App\Property Investment App
> tsc --noEmit

